Microchip MPLAB XC8 Compiler V2.10 ()

Linker command line:

-W-3 --edf=C:\Program Files (x86)\Microchip\xc8\v2.10\pic\dat\en_msgs.txt \
  -cs -h+dist/default/production\pulsoTimer2LCD.X.production.sym \
  --cmf=dist/default/production\pulsoTimer2LCD.X.production.cmf -z \
  -Q18F4550 -oC:\Users\marco\AppData\Local\Temp\s8p8.2 \
  --defsym=__MPLAB_BUILD=1 \
  -Mdist/default/production/pulsoTimer2LCD.X.production.map -E1 -ver=XC8 \
  --acfsm=1493 -ASTACK=091h-07FFh -pstack=STACK -ACODE=00h-07FFFh \
  -ACONST=00h-07FFFh -ASMALLCONST=0800h-08FFhx120 \
  -AMEDIUMCONST=0800h-07FFFh -ACOMRAM=01h-05Fh -AABS1=00h-07FFh \
  -ABIGRAM=01h-07FFh -ARAM=060h-0FFh,0100h-01FFhx7 -ABANK0=060h-0FFh \
  -ABANK1=0100h-01FFh -ABANK2=0200h-02FFh -ABANK3=0300h-03FFh \
  -ABANK4=0400h-04FFh -ABANK5=0500h-05FFh -ABANK6=0600h-06FFh \
  -ABANK7=0700h-07FFh -ASFR=0F60h-0FFFh \
  -preset_vec=00h,intcode=08h,intcodelo,powerup,init -pramtop=0800h \
  -psmallconst=SMALLCONST -pmediumconst=MEDIUMCONST -pconst=CONST \
  -AFARRAM=00h-00h -ACONFIG=0300000h-030000Dh -pconfig=CONFIG \
  -AIDLOC=0200000h-0200007h -pidloc=IDLOC -AEEDATA=0F00000h-0F000FFh \
  -peeprom_data=EEDATA \
  -prdata=COMRAM,nvrram=COMRAM,nvbit=COMRAM,rbss=COMRAM,rbit=COMRAM \
  -pfarbss=FARRAM,fardata=FARRAM,nvFARRAM=FARRAM \
  -pintsave_regs=BIGRAM,bigbss=BIGRAM,bigdata=BIGRAM -pbss=RAM \
  -pidata=CODE,irdata=CODE,ibigdata=CODE,ifardata=CODE -prparam=COMRAM \
  C:\Users\marco\AppData\Local\Temp\s8p8.o \
  dist/default/production\pulsoTimer2LCD.X.production.o 

Object code version is 3.11

Machine type is 18F4550

Call graph: (short form)




                Name                               Link     Load   Length Selector   Space Scale
C:\Users\marco\AppData\Local\Temp\s8p8.o
                init                                  E        E        4        4       0
                reset_vec                             0        0        4        0       0
                idloc                            200000   200000        8   200000       0
                config                           300000   300000        E   300000       0
dist/default/production\pulsoTimer2LCD.X.production.o
                intcode                               8        8        6        4       0
                temp                                 5F       5F        1        1       1
                smallconst                          800      800       1A      400       0
                intcode_body                       13D8     13D8       34      40D       0
                text17                             10F8     10F8       88      40D       0
                text16                             1434     1434       24      40D       0
                text15                             1320     1320       42      40D       0
                text14                             1180     1180       82      40D       0
                text13                              CB0      CB0      188      40D       0
                text12                              E38      E38      164      40D       0
                text11                             1362     1362       40      40D       0
                text10                             1476     1476        E      40D       0
                text9                              1484     1484        A      40D       0
                text8                              1062     1062       96      40D       0
                text7                              12DC     12DC       44      40D       0
                text6                              13A2     13A2       36      40D       0
                text5                               F9C      F9C       C6      40D       0
                text4                               81A      81A      2E2      40D       0
                text3                               AFC      AFC      1B4      40D       0
                text2                              127A     127A       62      40D       0
                text1                              140C     140C       28      40D       0
                text0                              1202     1202       78      40D       0
                cstackCOMRAM                          1        1       5E        1       1
                cstackBANK0                          89       89        8       60       1
                bssBANK0                             60       60       29       60       1
                cinit                              1458     1458       1E      40D       0

TOTAL           Name                               Link     Load   Length     Space
        CLASS   STACK          

        CLASS   CODE           
                intcode                               8        8        6         0
                init                                  E        E        4         0
                reset_vec                             0        0        4         0
                intcode_body                       13D8     13D8       34         0
                text17                             10F8     10F8       88         0
                text16                             1434     1434       24         0
                text15                             1320     1320       42         0
                text14                             1180     1180       82         0
                text13                              CB0      CB0      188         0
                text12                              E38      E38      164         0
                text11                             1362     1362       40         0
                text10                             1476     1476        E         0
                text9                              1484     1484        A         0
                text8                              1062     1062       96         0
                text7                              12DC     12DC       44         0
                text6                              13A2     13A2       36         0
                text5                               F9C      F9C       C6         0
                text4                               81A      81A      2E2         0
                text3                               AFC      AFC      1B4         0
                text2                              127A     127A       62         0
                text1                              140C     140C       28         0
                text0                              1202     1202       78         0
                cinit                              1458     1458       1E         0

        CLASS   CONST          

        CLASS   SMALLCONST     
                smallconst                          800      800       1A         0

        CLASS   MEDIUMCONST    

        CLASS   COMRAM         
                temp                                 5F       5F        1         1
                cstackCOMRAM                          1        1       5E         1

        CLASS   ABS1           

        CLASS   BIGRAM         

        CLASS   RAM            

        CLASS   BANK0          
                cstackBANK0                          89       89        8         1
                bssBANK0                             60       60       29         1

        CLASS   BANK1          

        CLASS   BANK2          

        CLASS   BANK3          

        CLASS   BANK4          

        CLASS   BANK5          

        CLASS   BANK6          

        CLASS   BANK7          

        CLASS   SFR            

        CLASS   FARRAM         

        CLASS   CONFIG         
                config                           300000   300000        E         0

        CLASS   IDLOC          
                idloc                            200000   200000        8         0

        CLASS   EEDATA         



SEGMENTS        Name                           Load    Length   Top    Selector   Space  Class

                reset_vec                      000000  000004  000004         0       0  CODE    
                cstackCOMRAM                   000001  00005F  000060         1       1  COMRAM  
                intcode                        000008  00000A  000012         4       0  CODE    
                bssBANK0                       000060  000031  000091        60       1  BANK0   
                smallconst                     000800  00001A  00081A       400       0  SMALLCON
                text4                          00081A  000C74  00148E       40D       0  CODE    
                idloc                          200000  000008  200008    200000       0  IDLOC   
                config                         300000  00000E  30000E    300000       0  CONFIG  


UNUSED ADDRESS RANGES

        Name                Unused          Largest block    Delta
        BANK0            000091-0000FF               6F
        BANK1            000100-0001FF              100
        BANK2            000200-0002FF              100
        BANK3            000300-0003FF              100
        BANK4            000400-0004FF              100
        BANK5            000500-0005FF              100
        BANK6            000600-0006FF              100
        BANK7            000700-0007FF              100
        BIGRAM           000091-0007FF              76F
        CODE             000004-000007                4
                         000012-0007FF              7EE
                         00148E-007FFF             6B72
        CONST            000004-000007                4
                         000012-0007FF              7EE
                         00148E-007FFF             6B72
        EEDATA           F00000-F000FF              100
        MEDIUMCONST      00148E-007FFF             6B72
        RAM              000091-0007FF              100
        SFR              000F60-000FFF               A0
        SMALLCONST       00148E-007FFF              100
        STACK            000091-0007FF              76F

                                  Symbol Table

?___aodiv                  cstackCOMRAM 000001
?___aomod                  cstackCOMRAM 000001
?_abs                      cstackCOMRAM 000013
?_dtoa                     cstackCOMRAM 000022
?_pad                      cstackCOMRAM 000017
?_printf                   cstackBANK0  000089
?_strlen                   cstackCOMRAM 000001
?_vfpfcnvrt                cstackCOMRAM 000046
?_vfprintf                 cstackCOMRAM 000056
_INT0IF                    (abs)        007F91
_INTCONbits                (abs)        000FF2
_INTEDG0                   (abs)        007F8E
_ISR                       intcode      000008
_PORTDbits                 (abs)        000F83
_T2CONbits                 (abs)        000FCA
_TMR2                      (abs)        000FCC
_TRISBbits                 (abs)        000F93
_TRISD                     (abs)        000F95
__CFG_FOSC$XT_XT           (abs)        000000
__CFG_LVP$OFF              (abs)        000000
__CFG_MCLRE$ON             (abs)        000000
__CFG_PBADEN$OFF           (abs)        000000
__CFG_WDT$OFF              (abs)        000000
__HRAM                     (abs)        000000
__Habs1                    abs1         000000
__Hbank0                   bank0        000000
__Hbank1                   bank1        000000
__Hbank2                   bank2        000000
__Hbank3                   bank3        000000
__Hbank4                   bank4        000000
__Hbank5                   bank5        000000
__Hbank6                   bank6        000000
__Hbank7                   bank7        000000
__Hbigbss                  bigbss       000000
__Hbigdata                 bigdata      000000
__Hbigram                  bigram       000000
__Hbss                     bss          000000
__HbssBANK0                bssBANK0     000000
__Hcinit                   cinit        000000
__Hclrtext                 clrtext      000000
__Hcomram                  comram       000000
__Hconfig                  config       30000E
__Hconst                   const        000000
__HcstackBANK0             cstackBANK0  000000
__HcstackCOMRAM            cstackCOMRAM 000000
__Hdata                    data         000000
__Heeprom_data             eeprom_data  000000
__Hfarbss                  farbss       000000
__Hfardata                 fardata      000000
__Hibigdata                ibigdata     000000
__Hidata                   idata        000000
__Hidloc                   idloc        200008
__Hifardata                ifardata     000000
__Hinit                    init         000012
__Hintcode                 intcode      00000E
__Hintcode_body            intcode_body 000000
__Hintcodelo               intcodelo    00000E
__Hintentry                intentry     000000
__Hintret                  intret       000000
__Hintsave_regs            intsave_regs 000000
__Hirdata                  irdata       000000
__Hmediumconst             mediumconst  000000
__HnvFARRAM                nvFARRAM     000000
__Hnvbit                   nvbit        000000
__Hnvrram                  nvrram       000000
__Hparam                   rparam       000000
__Hpowerup                 powerup      00000E
__Hram                     ram          000000
__Hramtop                  ramtop       000800
__Hrbit                    rbit         000000
__Hrbss                    rbss         000000
__Hrdata                   rdata        000000
__Hreset_vec               reset_vec    000004
__Hrparam                  rparam       000000
__Hsfr                     sfr          000000
__Hsmallconst              smallconst   00081A
__Hspace_0                 (abs)        30000E
__Hspace_1                 (abs)        000091
__Hspace_2                 (abs)        000000
__Hstack                   stack        000000
__Hstruct                  struct       000000
__Htemp                    temp         000060
__Htext                    text         000000
__Htext0                   text0        000000
__Htext1                   text1        000000
__Htext10                  text10       000000
__Htext11                  text11       000000
__Htext12                  text12       000000
__Htext13                  text13       000000
__Htext14                  text14       000000
__Htext15                  text15       000000
__Htext16                  text16       000000
__Htext17                  text17       000000
__Htext2                   text2        000000
__Htext3                   text3        000000
__Htext4                   text4        000000
__Htext5                   text5        000000
__Htext6                   text6        000000
__Htext7                   text7        000000
__Htext8                   text8        000000
__Htext9                   text9        000000
__LRAM                     (abs)        000001
__Labs1                    abs1         000000
__Lbank0                   bank0        000000
__Lbank1                   bank1        000000
__Lbank2                   bank2        000000
__Lbank3                   bank3        000000
__Lbank4                   bank4        000000
__Lbank5                   bank5        000000
__Lbank6                   bank6        000000
__Lbank7                   bank7        000000
__Lbigbss                  bigbss       000000
__Lbigdata                 bigdata      000000
__Lbigram                  bigram       000000
__Lbss                     bss          000000
__LbssBANK0                bssBANK0     000000
__Lcinit                   cinit        000000
__Lclrtext                 clrtext      000000
__Lcomram                  comram       000000
__Lconfig                  config       300000
__Lconst                   const        000000
__LcstackBANK0             cstackBANK0  000000
__LcstackCOMRAM            cstackCOMRAM 000000
__Ldata                    data         000000
__Leeprom_data             eeprom_data  000000
__Lfarbss                  farbss       000000
__Lfardata                 fardata      000000
__Libigdata                ibigdata     000000
__Lidata                   idata        000000
__Lidloc                   idloc        200000
__Lifardata                ifardata     000000
__Linit                    init         00000E
__Lintcode                 intcode      000008
__Lintcode_body            intcode_body 000000
__Lintcodelo               intcodelo    00000E
__Lintentry                intentry     000000
__Lintret                  intret       000000
__Lintsave_regs            intsave_regs 000000
__Lirdata                  irdata       000000
__Lmediumconst             mediumconst  000000
__LnvFARRAM                nvFARRAM     000000
__Lnvbit                   nvbit        000000
__Lnvrram                  nvrram       000000
__Lparam                   rparam       000000
__Lpowerup                 powerup      00000E
__Lram                     ram          000000
__Lramtop                  ramtop       000800
__Lrbit                    rbit         000000
__Lrbss                    rbss         000000
__Lrdata                   rdata        000000
__Lreset_vec               reset_vec    000000
__Lrparam                  rparam       000000
__Lsfr                     sfr          000000
__Lsmallconst              smallconst   000800
__Lspace_0                 (abs)        000000
__Lspace_1                 (abs)        000000
__Lspace_2                 (abs)        000000
__Lstack                   stack        000000
__Lstruct                  struct       000000
__Ltemp                    temp         00005F
__Ltext                    text         000000
__Ltext0                   text0        000000
__Ltext1                   text1        000000
__Ltext10                  text10       000000
__Ltext11                  text11       000000
__Ltext12                  text12       000000
__Ltext13                  text13       000000
__Ltext14                  text14       000000
__Ltext15                  text15       000000
__Ltext16                  text16       000000
__Ltext17                  text17       000000
__Ltext2                   text2        000000
__Ltext3                   text3        000000
__Ltext4                   text4        000000
__Ltext5                   text5        000000
__Ltext6                   text6        000000
__Ltext7                   text7        000000
__Ltext8                   text8        000000
__Ltext9                   text9        000000
__S0                       (abs)        30000E
__S1                       (abs)        000091
__S2                       (abs)        000000
___aodiv                   text13       000CB0
___aodiv@counter           cstackCOMRAM 000011
___aodiv@dividend          cstackCOMRAM 000001
___aodiv@divisor           cstackCOMRAM 000009
___aodiv@quotient          cstackCOMRAM 000013
___aodiv@sign              cstackCOMRAM 000012
___aomod                   text12       000E38
___aomod@counter           cstackCOMRAM 000011
___aomod@dividend          cstackCOMRAM 000001
___aomod@divisor           cstackCOMRAM 000009
___aomod@sign              cstackCOMRAM 000012
___inthi_sp                stack        000000
___intlo_sp                stack        000000
___param_bank              (abs)        000000
___rparam_used             (abs)        000001
___sp                      stack        000000
__accesstop                (abs)        000060
__activetblptr             (abs)        000001
__end_of_ISR               intcode_body 00140C
__end_of___aodiv           text13       000E38
__end_of___aomod           text12       000F9C
__end_of__initialization   cinit        001464
__end_of_abs               text11       0013A2
__end_of_caracter_inicio   text15       001362
__end_of_dtoa              text4        000AFC
__end_of_envia_byte_lcd    text16       001458
__end_of_envia_nibble_lcd  text17       001180
__end_of_escreve_lcd       text10       001484
__end_of_fputc             text8        0010F8
__end_of_fputs             text7        001320
__end_of_inicializa_lcd    text14       001202
__end_of_main              text0        00127A
__end_of_pad               text5        001062
__end_of_printf            text1        001434
__end_of_putch             text9        00148E
__end_of_strlen            text6        0013D8
__end_of_vfpfcnvrt         text3        000CB0
__end_of_vfprintf          text2        0012DC
__initialization           cinit        001458
__mediumconst              mediumconst  000000
__pbssBANK0                bssBANK0     000060
__pcinit                   cinit        001458
__pcstackBANK0             cstackBANK0  000089
__pcstackCOMRAM            cstackCOMRAM 000001
__pintcode                 intcode      000008
__pintcode_body            intcode_body 0013D8
__psmallconst              smallconst   000800
__ptext0                   text0        001202
__ptext1                   text1        00140C
__ptext10                  text10       001476
__ptext11                  text11       001362
__ptext12                  text12       000E38
__ptext13                  text13       000CB0
__ptext14                  text14       001180
__ptext15                  text15       001320
__ptext16                  text16       001434
__ptext17                  text17       0010F8
__ptext2                   text2        00127A
__ptext3                   text3        000AFC
__ptext4                   text4        00081A
__ptext5                   text5        000F9C
__ptext6                   text6        0013A2
__ptext7                   text7        0012DC
__ptext8                   text8        001062
__ptext9                   text9        001484
__ramtop                   ramtop       000800
__size_of_ISR              (abs)        000000
__size_of___aodiv          (abs)        000000
__size_of___aomod          (abs)        000000
__size_of_abs              (abs)        000000
__size_of_caracter_inicio  (abs)        000000
__size_of_dtoa             (abs)        000000
__size_of_envia_byte_lcd   (abs)        000000
__size_of_envia_nibble_lcd (abs)        000000
__size_of_escreve_lcd      (abs)        000000
__size_of_fputc            (abs)        000000
__size_of_fputs            (abs)        000000
__size_of_inicializa_lcd   (abs)        000000
__size_of_main             (abs)        000000
__size_of_pad              (abs)        000000
__size_of_printf           (abs)        000000
__size_of_putch            (abs)        000000
__size_of_strlen           (abs)        000000
__size_of_vfpfcnvrt        (abs)        000000
__size_of_vfprintf         (abs)        000000
__smallconst               smallconst   000800
_abs                       text11       001362
_caracter_inicio           text15       001320
_cont                      bssBANK0     000068
_dbuf                      bssBANK0     000069
_dtoa                      text4        00081A
_dtoa$350                  cstackCOMRAM 000034
_envia_byte_lcd            text16       001434
_envia_nibble_lcd          text17       0010F8
_escreve_lcd               text10       001476
_flags                     bssBANK0     000066
_fputc                     text8        001062
_fputs                     text7        0012DC
_inicializa_lcd            text14       001180
_main                      text0        001202
_nout                      bssBANK0     000060
_pad                       text5        000F9C
_prec                      bssBANK0     000064
_printf                    text1        00140C
_putch                     text9        001484
_strlen                    text6        0013A2
_vfpfcnvrt                 text3        000AFC
_vfprintf                  text2        00127A
_width                     bssBANK0     000062
abs@a                      cstackCOMRAM 000013
btemp                      temp         00005F
caracter_inicio@coluna     cstackCOMRAM 000005
caracter_inicio@linha      cstackCOMRAM 000006
caracter_inicio@posicao    cstackCOMRAM 000007
dtoa@d                     cstackCOMRAM 000024
dtoa@fp                    cstackCOMRAM 000022
dtoa@i                     cstackCOMRAM 000044
dtoa@n                     cstackCOMRAM 00003C
dtoa@p                     cstackCOMRAM 000036
dtoa@s                     cstackCOMRAM 00003A
dtoa@w                     cstackCOMRAM 000038
end_of_initialization      cinit        001464
envia_byte_lcd@dado        cstackCOMRAM 000003
envia_byte_lcd@endereco    cstackCOMRAM 000004
envia_nibble_lcd@dado      cstackCOMRAM 000002
escreve_lcd@c              cstackCOMRAM 000005
fputc@c                    cstackCOMRAM 000007
fputc@fp                   cstackCOMRAM 000009
fputs@c                    cstackCOMRAM 000014
fputs@fp                   cstackCOMRAM 000012
fputs@i                    cstackCOMRAM 000015
fputs@s                    cstackCOMRAM 000010
int$flags                  temp         00005F
int_func                   intcode_body 0013D8
intlevel0                  text         000000
intlevel1                  text         000000
intlevel2                  text         000000
intlevel3                  text         000000
pad@buf                    cstackCOMRAM 000019
pad@fp                     cstackCOMRAM 000017
pad@i                      cstackCOMRAM 00001E
pad@p                      cstackCOMRAM 00001B
pad@w                      cstackCOMRAM 000020
printf@ap                  cstackBANK0  00008F
printf@fmt                 cstackBANK0  000089
putch@data                 cstackCOMRAM 000006
stackhi                    (abs)        0007FF
stacklo                    (abs)        000091
start                      init         00000E
start_initialization       cinit        001458
strlen@a                   cstackCOMRAM 000003
strlen@s                   cstackCOMRAM 000001
ttemp5                     temp         000060
ttemp6                     temp         000063
ttemp7                     temp         000067
vfpfcnvrt@ap               cstackCOMRAM 00004A
vfpfcnvrt@fmt              cstackCOMRAM 000048
vfpfcnvrt@fp               cstackCOMRAM 000046
vfpfcnvrt@ll               cstackCOMRAM 00004E
vfprintf@ap                cstackCOMRAM 00005A
vfprintf@cfmt              cstackCOMRAM 00005C
vfprintf@fmt               cstackCOMRAM 000058
vfprintf@fp                cstackCOMRAM 000056
wtemp8                     temp         000060


FUNCTION INFORMATION:

 *************** function _main *****************
 Defined at:
		line 26 in file "main.c"
 Parameters:    Size  Location     Type
		None
 Auto vars:     Size  Location     Type
		None
 Return value:  Size  Location     Type
                  1    wreg      void 
 Registers used:
		wreg, fsr1l, fsr1h, fsr2l, fsr2h, status,2, status,0, tblptrl, tblptrh, tblptru, prodl, prodh, cstack
 Tracked objects:
		On entry : 
		On exit  : 
		Unchanged: 
 Data sizes:     COMRAM   BANK0   BANK1   BANK2   BANK3   BANK4   BANK5   BANK6   BANK7
      Params:         0       0       0       0       0       0       0       0       0
      Locals:         0       0       0       0       0       0       0       0       0
      Temps:          1       0       0       0       0       0       0       0       0
      Totals:         1       0       0       0       0       0       0       0       0
Total ram usage:        1 bytes
 Hardware stack levels required when called:   12
 This function calls:
		_caracter_inicio
		_inicializa_lcd
		_printf
 This function is called by:
		Startup code after reset
 This function uses a non-reentrant model


 *************** function _printf *****************
 Defined at:
		line 5 in file "C:\Program Files (x86)\Microchip\xc8\v2.10\pic\sources\c99\common\printf.c"
 Parameters:    Size  Location     Type
  fmt             2    0[BANK0 ] PTR const unsigned char 
		 -> STR_2(14), STR_1(10), 
 Auto vars:     Size  Location     Type
  ap              2    6[BANK0 ] PTR void [1]
		 -> ?_printf(2), 
  ret             2    0        int 
 Return value:  Size  Location     Type
                  2    0[BANK0 ] int 
 Registers used:
		wreg, fsr1l, fsr1h, fsr2l, fsr2h, status,2, status,0, tblptrl, tblptrh, tblptru, cstack
 Tracked objects:
		On entry : 
		On exit  : 
		Unchanged: 
 Data sizes:     COMRAM   BANK0   BANK1   BANK2   BANK3   BANK4   BANK5   BANK6   BANK7
      Params:         0       4       0       0       0       0       0       0       0
      Locals:         0       4       0       0       0       0       0       0       0
      Temps:          0       0       0       0       0       0       0       0       0
      Totals:         0       8       0       0       0       0       0       0       0
Total ram usage:        8 bytes
 Hardware stack levels used:    1
 Hardware stack levels required when called:   11
 This function calls:
		_vfprintf
 This function is called by:
		_main
 This function uses a non-reentrant model


 *************** function _vfprintf *****************
 Defined at:
		line 1368 in file "C:\Program Files (x86)\Microchip\xc8\v2.10\pic\sources\c99\common\doprnt.c"
 Parameters:    Size  Location     Type
  fp              2   85[COMRAM] PTR struct _IO_FILE
		 -> NULL(0), 
  fmt             2   87[COMRAM] PTR const unsigned char 
		 -> STR_2(14), STR_1(10), 
  ap              2   89[COMRAM] PTR PTR void 
		 -> printf@ap(2), 
 Auto vars:     Size  Location     Type
  cfmt            2   91[COMRAM] PTR unsigned char 
		 -> STR_2(14), STR_1(10), 
 Return value:  Size  Location     Type
                  2   85[COMRAM] int 
 Registers used:
		wreg, fsr1l, fsr1h, fsr2l, fsr2h, status,2, status,0, tblptrl, tblptrh, tblptru, cstack
 Tracked objects:
		On entry : 
		On exit  : 
		Unchanged: 
 Data sizes:     COMRAM   BANK0   BANK1   BANK2   BANK3   BANK4   BANK5   BANK6   BANK7
      Params:         6       0       0       0       0       0       0       0       0
      Locals:         2       0       0       0       0       0       0       0       0
      Temps:          0       0       0       0       0       0       0       0       0
      Totals:         8       0       0       0       0       0       0       0       0
Total ram usage:        8 bytes
 Hardware stack levels used:    1
 Hardware stack levels required when called:   10
 This function calls:
		_vfpfcnvrt
 This function is called by:
		_printf
 This function uses a non-reentrant model


 *************** function _vfpfcnvrt *****************
 Defined at:
		line 670 in file "C:\Program Files (x86)\Microchip\xc8\v2.10\pic\sources\c99\common\doprnt.c"
 Parameters:    Size  Location     Type
  fp              2   69[COMRAM] PTR struct _IO_FILE
		 -> NULL(0), 
  fmt             2   71[COMRAM] PTR PTR unsigned char 
		 -> vfprintf@cfmt(2), 
  ap              2   73[COMRAM] PTR PTR void 
		 -> printf@ap(2), 
 Auto vars:     Size  Location     Type
  ll              8   77[COMRAM] long long 
  llu             8    0        unsigned long long 
  f               4    0        unsigned long long 
  vp              3    0        PTR void 
  ct              3    0        unsigned char [3]
  cp              3    0        PTR unsigned char 
  i               2    0        int 
  done            2    0        int 
  c               1    0        unsigned char 
 Return value:  Size  Location     Type
                  2   69[COMRAM] int 
 Registers used:
		wreg, fsr1l, fsr1h, fsr2l, fsr2h, status,2, status,0, tblptrl, tblptrh, tblptru, cstack
 Tracked objects:
		On entry : 
		On exit  : 
		Unchanged: 
 Data sizes:     COMRAM   BANK0   BANK1   BANK2   BANK3   BANK4   BANK5   BANK6   BANK7
      Params:         6       0       0       0       0       0       0       0       0
      Locals:         8       0       0       0       0       0       0       0       0
      Temps:          2       0       0       0       0       0       0       0       0
      Totals:        16       0       0       0       0       0       0       0       0
Total ram usage:       16 bytes
 Hardware stack levels used:    1
 Hardware stack levels required when called:    9
 This function calls:
		_dtoa
		_fputc
 This function is called by:
		_vfprintf
 This function uses a non-reentrant model


 *************** function _dtoa *****************
 Defined at:
		line 274 in file "C:\Program Files (x86)\Microchip\xc8\v2.10\pic\sources\c99\common\doprnt.c"
 Parameters:    Size  Location     Type
  fp              2   33[COMRAM] PTR struct _IO_FILE
		 -> NULL(0), 
  d               8   35[COMRAM] long long 
 Auto vars:     Size  Location     Type
  n               8   59[COMRAM] long long 
  i               2   67[COMRAM] int 
  s               2   57[COMRAM] int 
  w               2   55[COMRAM] int 
  p               2   53[COMRAM] int 
 Return value:  Size  Location     Type
                  2   33[COMRAM] int 
 Registers used:
		wreg, fsr1l, fsr1h, fsr2l, fsr2h, status,2, status,0, cstack
 Tracked objects:
		On entry : 
		On exit  : 
		Unchanged: 
 Data sizes:     COMRAM   BANK0   BANK1   BANK2   BANK3   BANK4   BANK5   BANK6   BANK7
      Params:        10       0       0       0       0       0       0       0       0
      Locals:        18       0       0       0       0       0       0       0       0
      Temps:          8       0       0       0       0       0       0       0       0
      Totals:        36       0       0       0       0       0       0       0       0
Total ram usage:       36 bytes
 Hardware stack levels used:    1
 Hardware stack levels required when called:    8
 This function calls:
		___aodiv
		___aomod
		_abs
		_pad
 This function is called by:
		_vfpfcnvrt
 This function uses a non-reentrant model


 *************** function _pad *****************
 Defined at:
		line 72 in file "C:\Program Files (x86)\Microchip\xc8\v2.10\pic\sources\c99\common\doprnt.c"
 Parameters:    Size  Location     Type
  fp              2   22[COMRAM] PTR struct _IO_FILE
		 -> NULL(0), 
  buf             2   24[COMRAM] PTR unsigned char 
		 -> dbuf(32), 
  p               2   26[COMRAM] int 
 Auto vars:     Size  Location     Type
  w               2   31[COMRAM] int 
  i               2   29[COMRAM] int 
 Return value:  Size  Location     Type
                  2   22[COMRAM] int 
 Registers used:
		wreg, fsr1l, fsr1h, fsr2l, fsr2h, status,2, status,0, cstack
 Tracked objects:
		On entry : 
		On exit  : 
		Unchanged: 
 Data sizes:     COMRAM   BANK0   BANK1   BANK2   BANK3   BANK4   BANK5   BANK6   BANK7
      Params:         6       0       0       0       0       0       0       0       0
      Locals:         4       0       0       0       0       0       0       0       0
      Temps:          1       0       0       0       0       0       0       0       0
      Totals:        11       0       0       0       0       0       0       0       0
Total ram usage:       11 bytes
 Hardware stack levels used:    1
 Hardware stack levels required when called:    7
 This function calls:
		_fputc
		_fputs
		_strlen
 This function is called by:
		_dtoa
 This function uses a non-reentrant model


 *************** function _strlen *****************
 Defined at:
		line 5 in file "C:\Program Files (x86)\Microchip\xc8\v2.10\pic\sources\c99\common\strlen.c"
 Parameters:    Size  Location     Type
  s               2    0[COMRAM] PTR const unsigned char 
		 -> dbuf(32), 
 Auto vars:     Size  Location     Type
  a               2    2[COMRAM] PTR const unsigned char 
		 -> dbuf(32), 
 Return value:  Size  Location     Type
                  2    0[COMRAM] unsigned int 
 Registers used:
		wreg, fsr2l, fsr2h, status,2, status,0
 Tracked objects:
		On entry : 
		On exit  : 
		Unchanged: 
 Data sizes:     COMRAM   BANK0   BANK1   BANK2   BANK3   BANK4   BANK5   BANK6   BANK7
      Params:         2       0       0       0       0       0       0       0       0
      Locals:         2       0       0       0       0       0       0       0       0
      Temps:          0       0       0       0       0       0       0       0       0
      Totals:         4       0       0       0       0       0       0       0       0
Total ram usage:        4 bytes
 Hardware stack levels used:    1
 Hardware stack levels required when called:    1
 This function calls:
		Nothing
 This function is called by:
		_pad
 This function uses a non-reentrant model


 *************** function _fputs *****************
 Defined at:
		line 8 in file "C:\Program Files (x86)\Microchip\xc8\v2.10\pic\sources\c99\common\nf_fputs.c"
 Parameters:    Size  Location     Type
  s               2   15[COMRAM] PTR const unsigned char 
		 -> dbuf(32), 
  fp              2   17[COMRAM] PTR struct _IO_FILE
		 -> NULL(0), 
 Auto vars:     Size  Location     Type
  i               2   20[COMRAM] int 
  c               1   19[COMRAM] unsigned char 
 Return value:  Size  Location     Type
                  2   15[COMRAM] int 
 Registers used:
		wreg, fsr1l, fsr1h, fsr2l, fsr2h, status,2, status,0, cstack
 Tracked objects:
		On entry : 
		On exit  : 
		Unchanged: 
 Data sizes:     COMRAM   BANK0   BANK1   BANK2   BANK3   BANK4   BANK5   BANK6   BANK7
      Params:         4       0       0       0       0       0       0       0       0
      Locals:         3       0       0       0       0       0       0       0       0
      Temps:          0       0       0       0       0       0       0       0       0
      Totals:         7       0       0       0       0       0       0       0       0
Total ram usage:        7 bytes
 Hardware stack levels used:    1
 Hardware stack levels required when called:    6
 This function calls:
		_fputc
 This function is called by:
		_pad
 This function uses a non-reentrant model


 *************** function _fputc *****************
 Defined at:
		line 8 in file "C:\Program Files (x86)\Microchip\xc8\v2.10\pic\sources\c99\common\nf_fputc.c"
 Parameters:    Size  Location     Type
  c               2    6[COMRAM] int 
  fp              2    8[COMRAM] PTR struct _IO_FILE
		 -> NULL(0), 
 Auto vars:     Size  Location     Type
		None
 Return value:  Size  Location     Type
                  2    6[COMRAM] int 
 Registers used:
		wreg, fsr1l, fsr1h, fsr2l, fsr2h, status,2, status,0, cstack
 Tracked objects:
		On entry : 
		On exit  : 
		Unchanged: 
 Data sizes:     COMRAM   BANK0   BANK1   BANK2   BANK3   BANK4   BANK5   BANK6   BANK7
      Params:         4       0       0       0       0       0       0       0       0
      Locals:         0       0       0       0       0       0       0       0       0
      Temps:          5       0       0       0       0       0       0       0       0
      Totals:         9       0       0       0       0       0       0       0       0
Total ram usage:        9 bytes
 Hardware stack levels used:    1
 Hardware stack levels required when called:    5
 This function calls:
		_putch
 This function is called by:
		_pad
		_vfpfcnvrt
		_fputs
 This function uses a non-reentrant model


 *************** function _putch *****************
 Defined at:
		line 20 in file "main.c"
 Parameters:    Size  Location     Type
  data            1    wreg     unsigned char 
 Auto vars:     Size  Location     Type
  data            1    5[COMRAM] unsigned char 
 Return value:  Size  Location     Type
                  1    wreg      void 
 Registers used:
		wreg, status,2, status,0, cstack
 Tracked objects:
		On entry : 
		On exit  : 
		Unchanged: 
 Data sizes:     COMRAM   BANK0   BANK1   BANK2   BANK3   BANK4   BANK5   BANK6   BANK7
      Params:         0       0       0       0       0       0       0       0       0
      Locals:         1       0       0       0       0       0       0       0       0
      Temps:          0       0       0       0       0       0       0       0       0
      Totals:         1       0       0       0       0       0       0       0       0
Total ram usage:        1 bytes
 Hardware stack levels used:    1
 Hardware stack levels required when called:    4
 This function calls:
		_escreve_lcd
 This function is called by:
		_fputc
 This function uses a non-reentrant model


 *************** function _escreve_lcd *****************
 Defined at:
		line 40 in file "lcd.c"
 Parameters:    Size  Location     Type
  c               1    wreg     unsigned char 
 Auto vars:     Size  Location     Type
  c               1    4[COMRAM] unsigned char 
 Return value:  Size  Location     Type
                  1    wreg      void 
 Registers used:
		wreg, status,2, status,0, cstack
 Tracked objects:
		On entry : 
		On exit  : 
		Unchanged: 
 Data sizes:     COMRAM   BANK0   BANK1   BANK2   BANK3   BANK4   BANK5   BANK6   BANK7
      Params:         0       0       0       0       0       0       0       0       0
      Locals:         1       0       0       0       0       0       0       0       0
      Temps:          0       0       0       0       0       0       0       0       0
      Totals:         1       0       0       0       0       0       0       0       0
Total ram usage:        1 bytes
 Hardware stack levels used:    1
 Hardware stack levels required when called:    3
 This function calls:
		_envia_byte_lcd
 This function is called by:
		_putch
 This function uses a non-reentrant model


 *************** function _abs *****************
 Defined at:
		line 1 in file "C:\Program Files (x86)\Microchip\xc8\v2.10\pic\sources\c99\common\abs.c"
 Parameters:    Size  Location     Type
  a               2   18[COMRAM] int 
 Auto vars:     Size  Location     Type
		None
 Return value:  Size  Location     Type
                  2   18[COMRAM] int 
 Registers used:
		wreg, status,2, status,0
 Tracked objects:
		On entry : 
		On exit  : 
		Unchanged: 
 Data sizes:     COMRAM   BANK0   BANK1   BANK2   BANK3   BANK4   BANK5   BANK6   BANK7
      Params:         2       0       0       0       0       0       0       0       0
      Locals:         0       0       0       0       0       0       0       0       0
      Temps:          2       0       0       0       0       0       0       0       0
      Totals:         4       0       0       0       0       0       0       0       0
Total ram usage:        4 bytes
 Hardware stack levels used:    1
 Hardware stack levels required when called:    1
 This function calls:
		Nothing
 This function is called by:
		_dtoa
 This function uses a non-reentrant model


 *************** function ___aomod *****************
 Defined at:
		line 9 in file "C:\Program Files (x86)\Microchip\xc8\v2.10\pic\sources\c99\common\aomod.c"
 Parameters:    Size  Location     Type
  dividend        8    0[COMRAM] long long 
  divisor         8    8[COMRAM] long long 
 Auto vars:     Size  Location     Type
  sign            1   17[COMRAM] unsigned char 
  counter         1   16[COMRAM] unsigned char 
 Return value:  Size  Location     Type
                  8    0[COMRAM] long long 
 Registers used:
		wreg, status,2, status,0
 Tracked objects:
		On entry : 
		On exit  : 
		Unchanged: 
 Data sizes:     COMRAM   BANK0   BANK1   BANK2   BANK3   BANK4   BANK5   BANK6   BANK7
      Params:        16       0       0       0       0       0       0       0       0
      Locals:         2       0       0       0       0       0       0       0       0
      Temps:          0       0       0       0       0       0       0       0       0
      Totals:        18       0       0       0       0       0       0       0       0
Total ram usage:       18 bytes
 Hardware stack levels used:    1
 Hardware stack levels required when called:    1
 This function calls:
		Nothing
 This function is called by:
		_dtoa
 This function uses a non-reentrant model


 *************** function ___aodiv *****************
 Defined at:
		line 9 in file "C:\Program Files (x86)\Microchip\xc8\v2.10\pic\sources\c99\common\aodiv.c"
 Parameters:    Size  Location     Type
  dividend        8    0[COMRAM] long long 
  divisor         8    8[COMRAM] long long 
 Auto vars:     Size  Location     Type
  quotient        8   18[COMRAM] long long 
  sign            1   17[COMRAM] unsigned char 
  counter         1   16[COMRAM] unsigned char 
 Return value:  Size  Location     Type
                  8    0[COMRAM] long long 
 Registers used:
		wreg, fsr2l, fsr2h, status,2, status,0
 Tracked objects:
		On entry : 
		On exit  : 
		Unchanged: 
 Data sizes:     COMRAM   BANK0   BANK1   BANK2   BANK3   BANK4   BANK5   BANK6   BANK7
      Params:        16       0       0       0       0       0       0       0       0
      Locals:        10       0       0       0       0       0       0       0       0
      Temps:          0       0       0       0       0       0       0       0       0
      Totals:        26       0       0       0       0       0       0       0       0
Total ram usage:       26 bytes
 Hardware stack levels used:    1
 Hardware stack levels required when called:    1
 This function calls:
		Nothing
 This function is called by:
		_dtoa
 This function uses a non-reentrant model


 *************** function _inicializa_lcd *****************
 Defined at:
		line 50 in file "lcd.c"
 Parameters:    Size  Location     Type
		None
 Auto vars:     Size  Location     Type
		None
 Return value:  Size  Location     Type
                  1    wreg      void 
 Registers used:
		wreg, status,2, status,0, cstack
 Tracked objects:
		On entry : 
		On exit  : 
		Unchanged: 
 Data sizes:     COMRAM   BANK0   BANK1   BANK2   BANK3   BANK4   BANK5   BANK6   BANK7
      Params:         0       0       0       0       0       0       0       0       0
      Locals:         0       0       0       0       0       0       0       0       0
      Temps:          1       0       0       0       0       0       0       0       0
      Totals:         1       0       0       0       0       0       0       0       0
Total ram usage:        1 bytes
 Hardware stack levels used:    1
 Hardware stack levels required when called:    3
 This function calls:
		_envia_byte_lcd
		_envia_nibble_lcd
 This function is called by:
		_main
 This function uses a non-reentrant model


 *************** function _caracter_inicio *****************
 Defined at:
		line 80 in file "lcd.c"
 Parameters:    Size  Location     Type
  linha           1    wreg     unsigned char 
  coluna          1    4[COMRAM] unsigned char 
 Auto vars:     Size  Location     Type
  linha           1    5[COMRAM] unsigned char 
  posicao         1    6[COMRAM] unsigned char 
 Return value:  Size  Location     Type
                  1    wreg      void 
 Registers used:
		wreg, status,2, status,0, cstack
 Tracked objects:
		On entry : 
		On exit  : 
		Unchanged: 
 Data sizes:     COMRAM   BANK0   BANK1   BANK2   BANK3   BANK4   BANK5   BANK6   BANK7
      Params:         1       0       0       0       0       0       0       0       0
      Locals:         2       0       0       0       0       0       0       0       0
      Temps:          0       0       0       0       0       0       0       0       0
      Totals:         3       0       0       0       0       0       0       0       0
Total ram usage:        3 bytes
 Hardware stack levels used:    1
 Hardware stack levels required when called:    3
 This function calls:
		_envia_byte_lcd
 This function is called by:
		_main
 This function uses a non-reentrant model


 *************** function _envia_byte_lcd *****************
 Defined at:
		line 29 in file "lcd.c"
 Parameters:    Size  Location     Type
  endereco        1    wreg     unsigned char 
  dado            1    2[COMRAM] unsigned char 
 Auto vars:     Size  Location     Type
  endereco        1    3[COMRAM] unsigned char 
 Return value:  Size  Location     Type
                  1    wreg      void 
 Registers used:
		wreg, status,2, status,0, cstack
 Tracked objects:
		On entry : 
		On exit  : 
		Unchanged: 
 Data sizes:     COMRAM   BANK0   BANK1   BANK2   BANK3   BANK4   BANK5   BANK6   BANK7
      Params:         1       0       0       0       0       0       0       0       0
      Locals:         1       0       0       0       0       0       0       0       0
      Temps:          0       0       0       0       0       0       0       0       0
      Totals:         2       0       0       0       0       0       0       0       0
Total ram usage:        2 bytes
 Hardware stack levels used:    1
 Hardware stack levels required when called:    2
 This function calls:
		_envia_nibble_lcd
 This function is called by:
		_escreve_lcd
		_inicializa_lcd
		_caracter_inicio
		_limpa_lcd
 This function uses a non-reentrant model


 *************** function _envia_nibble_lcd *****************
 Defined at:
		line 11 in file "lcd.c"
 Parameters:    Size  Location     Type
  dado            1    wreg     unsigned char 
 Auto vars:     Size  Location     Type
  dado            1    1[COMRAM] unsigned char 
 Return value:  Size  Location     Type
                  1    wreg      void 
 Registers used:
		wreg, status,2, status,0
 Tracked objects:
		On entry : 
		On exit  : 
		Unchanged: 
 Data sizes:     COMRAM   BANK0   BANK1   BANK2   BANK3   BANK4   BANK5   BANK6   BANK7
      Params:         0       0       0       0       0       0       0       0       0
      Locals:         1       0       0       0       0       0       0       0       0
      Temps:          1       0       0       0       0       0       0       0       0
      Totals:         2       0       0       0       0       0       0       0       0
Total ram usage:        2 bytes
 Hardware stack levels used:    1
 Hardware stack levels required when called:    1
 This function calls:
		Nothing
 This function is called by:
		_envia_byte_lcd
		_inicializa_lcd
 This function uses a non-reentrant model


 *************** function _ISR *****************
 Defined at:
		line 48 in file "main.c"
 Parameters:    Size  Location     Type
		None
 Auto vars:     Size  Location     Type
		None
 Return value:  Size  Location     Type
                  1    wreg      void 
 Registers used:
		wreg, status,2
 Tracked objects:
		On entry : 
		On exit  : 
		Unchanged: 
 Data sizes:     COMRAM   BANK0   BANK1   BANK2   BANK3   BANK4   BANK5   BANK6   BANK7
      Params:         0       0       0       0       0       0       0       0       0
      Locals:         0       0       0       0       0       0       0       0       0
      Temps:          0       0       0       0       0       0       0       0       0
      Totals:         0       0       0       0       0       0       0       0       0
Total ram usage:        0 bytes
 Hardware stack levels used:    1
 This function calls:
		Nothing
 This function is called by:
		Interrupt level 2
 This function uses a non-reentrant model



MODULE INFORMATION

Module		Function		Class		Link	Load	Size
C:\Program Files (x86)\Microchip\xc8\v2.10\pic\sources\c99\common\aodiv.c
		___aodiv       		CODE           	0CB0	0000	393

C:\Program Files (x86)\Microchip\xc8\v2.10\pic\sources\c99\common\aodiv.c estimated size: 393

C:\Program Files (x86)\Microchip\xc8\v2.10\pic\sources\c99\common\strlen.c
		_strlen        		CODE           	13A2	0000	55

C:\Program Files (x86)\Microchip\xc8\v2.10\pic\sources\c99\common\strlen.c estimated size: 55

C:\Program Files (x86)\Microchip\xc8\v2.10\pic\sources\c99\common\doprnt.c
		_vfpfcnvrt     		CODE           	0AFC	0000	437
		_pad           		CODE           	0F9C	0000	199
		_dtoa          		CODE           	081A	0000	739
		_vfprintf      		CODE           	127A	0000	99

C:\Program Files (x86)\Microchip\xc8\v2.10\pic\sources\c99\common\doprnt.c estimated size: 1474

C:\Program Files (x86)\Microchip\xc8\v2.10\pic\sources\c99\common\nf_fputs.c
		_fputs         		CODE           	12DC	0000	69

C:\Program Files (x86)\Microchip\xc8\v2.10\pic\sources\c99\common\nf_fputs.c estimated size: 69

shared
		__initialization		CODE           	1458	0000	13

shared estimated size: 13

C:\Program Files (x86)\Microchip\xc8\v2.10\pic\sources\c99\common\aomod.c
		___aomod       		CODE           	0E38	0000	357

C:\Program Files (x86)\Microchip\xc8\v2.10\pic\sources\c99\common\aomod.c estimated size: 357

C:\Program Files (x86)\Microchip\xc8\v2.10\pic\sources\c99\common\abs.c
		_abs           		CODE           	1362	0000	65

C:\Program Files (x86)\Microchip\xc8\v2.10\pic\sources\c99\common\abs.c estimated size: 65

lcd.c
		_escreve_lcd   		CODE           	1476	0000	15
		_caracter_inicio		CODE           	1320	0000	67
		_inicializa_lcd		CODE           	1180	0000	131
		_envia_byte_lcd		CODE           	1434	0000	37
		_envia_nibble_lcd		CODE           	10F8	0000	137

lcd.c estimated size: 387

main.c
		_ISR           		CODE           	0008	0000	59
		_putch         		CODE           	1484	0000	11
		_main          		CODE           	1202	0000	121

main.c estimated size: 191

C:\Program Files (x86)\Microchip\xc8\v2.10\pic\sources\c99\common\printf.c
		_printf        		CODE           	140C	0000	41

C:\Program Files (x86)\Microchip\xc8\v2.10\pic\sources\c99\common\printf.c estimated size: 41

C:\Program Files (x86)\Microchip\xc8\v2.10\pic\sources\c99\common\nf_fputc.c
		_fputc         		CODE           	1062	0000	151

C:\Program Files (x86)\Microchip\xc8\v2.10\pic\sources\c99\common\nf_fputc.c estimated size: 151

